// Jest Snapshot v1, https://goo.gl/fbAQLP

exports[`Snapshot testing for button 1`] = `[Function]`;
