// Jest Snapshot v1, https://goo.gl/fbAQLP

exports[`Snapshot testing for button  1`] = `[Function]`;

exports[`Snapshot testing for button 1`] = `[Function]`;

exports[`Snapshot testing for button label 1`] = `[Function]`;

exports[`Snapshot testing for button label22 1`] = `[Function]`;
